app/api/generate-content/route.ts(2,31): error TS2307: Cannot find module '@/lib/supabase/server' or its corresponding type declarations.
app/api/generate-content/route.ts(3,34): error TS2307: Cannot find module '@/lib/billing/track-usage' or its corresponding type declarations.
app/api/generate-content/route.ts(4,47): error TS2307: Cannot find module '@/lib/content-types' or its corresponding type declarations.
app/api/generate-content/route.ts(5,49): error TS2307: Cannot find module '@/lib/content-themes' or its corresponding type declarations.
app/api/generate-content/route.ts(6,58): error TS2307: Cannot find module '@/lib/content-psychology' or its corresponding type declarations.
app/api/generate-content/route.ts(7,62): error TS2307: Cannot find module '@/lib/content-generators/pre-processor' or its corresponding type declarations.
app/api/generate-content/route.ts(14,8): error TS2307: Cannot find module '@/lib/generation-progress' or its corresponding type declarations.
app/api/generate-content/route.ts(15,49): error TS2307: Cannot find module '@/lib/ai-providers/multi-provider' or its corresponding type declarations.
app/api/generate-content/route.ts(16,40): error TS2307: Cannot find module '@/lib/openai/consent' or its corresponding type declarations.
app/api/generate-content/route.ts(539,11): error TS2304: Cannot find name 'outputStyleModifier'.
app/api/generate-content/route.ts(575,46): error TS2307: Cannot find module '@/lib/billing/credit' or its corresponding type declarations.
app/api/generate-content/route.ts(814,5): error TS2353: Object literal may only specify known properties, and 'outputStyleModifier' does not exist in type '{ angle: string; themeName: string; cleanedSummary: string; platformLabel: string; badgeColor: string; platformStructure: string; outputSchema: string; additionalContext?: string; }'.
app/api/generate-content/route.ts(973,5): error TS2353: Object literal may only specify known properties, and 'outputStyleModifier' does not exist in type '{ angle: string; themeName: string; cleanedSummary: string; platformLabel: string; badgeColor: string; platformStructure: string; outputSchema: string; additionalContext?: string; }'.
app/api/generate-content/route.ts(1121,5): error TS2353: Object literal may only specify known properties, and 'outputStyleModifier' does not exist in type '{ angle: string; themeName: string; cleanedSummary: string; platformLabel: string; badgeColor: string; platformStructure: string; outputSchema: string; additionalContext?: string; }'.
app/api/generate-content/route.ts(1287,5): error TS2353: Object literal may only specify known properties, and 'outputStyleModifier' does not exist in type '{ angle: string; themeName: string; cleanedSummary: string; platformLabel: string; badgeColor: string; platformStructure: string; outputSchema: string; additionalContext?: string; }'.
app/api/generate-content/route.ts(1437,5): error TS2353: Object literal may only specify known properties, and 'outputStyleModifier' does not exist in type '{ angle: string; themeName: string; cleanedSummary: string; platformLabel: string; badgeColor: string; platformStructure: string; outputSchema: string; additionalContext?: string; }'.
app/api/generate-content/route.ts(1587,5): error TS2353: Object literal may only specify known properties, and 'outputStyleModifier' does not exist in type '{ angle: string; themeName: string; cleanedSummary: string; platformLabel: string; badgeColor: string; platformStructure: string; outputSchema: string; additionalContext?: string; }'.
node_modules/next/dist/build/templates/app-page.d.ts(3,25): error TS2307: Cannot find module 'VAR_MODULE_GLOBAL_ERROR' or its corresponding type declarations.
node_modules/next/dist/build/webpack-config.d.ts(10,104): error TS2694: Namespace '"/Users/lucas/Desktop/audiorepurpose/node_modules/next/dist/compiled/webpack/webpack".webpack' has no exported member 'RuleSetUseItem'.
node_modules/next/dist/build/webpack/loaders/next-app-loader/index.d.ts(1,13): error TS2613: Module '"/Users/lucas/Desktop/audiorepurpose/node_modules/next/dist/compiled/webpack/webpack"' has no default export. Did you mean to use 'import { webpack } from "/Users/lucas/Desktop/audiorepurpose/node_modules/next/dist/compiled/webpack/webpack"' instead?
node_modules/next/dist/client/components/error-boundary.d.ts(1,8): error TS1259: Module '"/Users/lucas/Desktop/audiorepurpose/node_modules/@types/react/index"' can only be default-imported using the 'esModuleInterop' flag
node_modules/next/dist/client/components/http-access-fallback/error-boundary.d.ts(11,8): error TS1259: Module '"/Users/lucas/Desktop/audiorepurpose/node_modules/@types/react/index"' can only be default-imported using the 'esModuleInterop' flag
node_modules/next/dist/client/components/layout-router.d.ts(2,8): error TS1259: Module '"/Users/lucas/Desktop/audiorepurpose/node_modules/@types/react/index"' can only be default-imported using the 'esModuleInterop' flag
node_modules/next/dist/client/with-router.d.ts(1,8): error TS1259: Module '"/Users/lucas/Desktop/audiorepurpose/node_modules/@types/react/index"' can only be default-imported using the 'esModuleInterop' flag
node_modules/next/dist/lib/metadata/metadata.d.ts(1,8): error TS1259: Module '"/Users/lucas/Desktop/audiorepurpose/node_modules/@types/react/index"' can only be default-imported using the 'esModuleInterop' flag
node_modules/next/dist/next-devtools/userspace/pages/pages-dev-overlay-setup.d.ts(1,8): error TS1259: Module '"/Users/lucas/Desktop/audiorepurpose/node_modules/@types/react/index"' can only be default-imported using the 'esModuleInterop' flag
node_modules/next/dist/server/app-render/entry-base.d.ts(1,114): error TS2307: Cannot find module 'react-server-dom-webpack/server' or its corresponding type declarations.
node_modules/next/dist/server/app-render/entry-base.d.ts(2,27): error TS2307: Cannot find module 'react-server-dom-webpack/static' or its corresponding type declarations.
node_modules/next/dist/server/web/spec-extension/adapters/headers.d.ts(39,16): error TS2304: Cannot find name 'HeadersIterator'.
node_modules/next/dist/server/web/spec-extension/adapters/headers.d.ts(40,13): error TS2304: Cannot find name 'HeadersIterator'.
node_modules/next/dist/server/web/spec-extension/adapters/headers.d.ts(41,15): error TS2304: Cannot find name 'HeadersIterator'.
node_modules/next/dist/server/web/spec-extension/adapters/headers.d.ts(42,26): error TS2304: Cannot find name 'HeadersIterator'.
node_modules/next/dist/shared/lib/app-router-context.shared-runtime.d.ts(4,8): error TS1259: Module '"/Users/lucas/Desktop/audiorepurpose/node_modules/@types/react/index"' can only be default-imported using the 'esModuleInterop' flag
node_modules/next/dist/shared/lib/app-router-types.d.ts(7,13): error TS1259: Module '"/Users/lucas/Desktop/audiorepurpose/node_modules/@types/react/index"' can only be default-imported using the 'esModuleInterop' flag
node_modules/next/dist/shared/lib/head-manager-context.shared-runtime.d.ts(1,8): error TS1259: Module '"/Users/lucas/Desktop/audiorepurpose/node_modules/@types/react/index"' can only be default-imported using the 'esModuleInterop' flag
node_modules/next/dist/shared/lib/image-config-context.shared-runtime.d.ts(1,8): error TS1259: Module '"/Users/lucas/Desktop/audiorepurpose/node_modules/@types/react/index"' can only be default-imported using the 'esModuleInterop' flag
node_modules/next/dist/shared/lib/loadable-context.shared-runtime.d.ts(1,8): error TS1259: Module '"/Users/lucas/Desktop/audiorepurpose/node_modules/@types/react/index"' can only be default-imported using the 'esModuleInterop' flag
node_modules/next/dist/shared/lib/loadable.shared-runtime.d.ts(21,8): error TS1259: Module '"/Users/lucas/Desktop/audiorepurpose/node_modules/@types/react/index"' can only be default-imported using the 'esModuleInterop' flag
node_modules/next/dist/shared/lib/router-context.shared-runtime.d.ts(1,8): error TS1259: Module '"/Users/lucas/Desktop/audiorepurpose/node_modules/@types/react/index"' can only be default-imported using the 'esModuleInterop' flag
node_modules/next/dist/shared/lib/server-inserted-html.shared-runtime.d.ts(1,8): error TS1259: Module '"/Users/lucas/Desktop/audiorepurpose/node_modules/@types/react/index"' can only be default-imported using the 'esModuleInterop' flag
node_modules/next/dist/shared/lib/utils.d.ts(10,13): error TS1192: Module '"fs"' has no default export.
